Analyzing Platform_macOS...                                     

   info - 'value' is deprecated and shouldn't be used. Use component accessors like .r or .g, or toARGB32 for an explicit conversion - lib\core\widgets\global_color_picker.dart:22:52 - deprecated_member_use
   info - 'withOpacity' is deprecated and shouldn't be used. Use .withValues() to avoid precision loss - lib\core\widgets\global_color_picker.dart:72:78 - deprecated_member_use
warning - Unused import: 'dart:convert' - lib\features\remote\services\remote_control_service.dart:2:8 - unused_import
   info - Use 'const' with the constructor to improve performance - lib\features\remote\services\remote_control_service.dart:31:21 - prefer_const_constructors
   info - Statements in an if should be enclosed in a block - lib\features\script\providers\script_provider.dart:48:15 - curly_braces_in_flow_control_structures
   info - Statements in an if should be enclosed in a block - lib\features\script\providers\script_provider.dart:51:15 - curly_braces_in_flow_control_structures
   info - Statements in an if should be enclosed in a block - lib\features\script\providers\script_provider.dart:53:15 - curly_braces_in_flow_control_structures
   info - Statements in an if should be enclosed in a block - lib\features\script\providers\script_provider.dart:55:15 - curly_braces_in_flow_control_structures
   info - Statements in an if should be enclosed in a block - lib\features\script\providers\script_provider.dart:58:15 - curly_braces_in_flow_control_structures
   info - Statements in an if should be enclosed in a block - lib\features\script\providers\script_provider.dart:60:15 - curly_braces_in_flow_control_structures
   info - Statements in an if should be enclosed in a block - lib\features\script\providers\script_provider.dart:62:15 - curly_braces_in_flow_control_structures
   info - Invalid use of a private type in a public API - lib\features\script\providers\script_provider.dart:242:10 - library_private_types_in_public_api
   info - Statements in an if should be enclosed in a block - lib\features\script\providers\script_provider.import_parsers.dart:346:30 - curly_braces_in_flow_control_structures
   info - Statements in a while should be enclosed in a block - lib\features\script\providers\script_provider.import_parsers.dart:353:65 - curly_braces_in_flow_control_structures
   info - Statements in a while should be enclosed in a block - lib\features\script\providers\script_provider.import_parsers.dart:365:44 - curly_braces_in_flow_control_structures
   info - Statements in an if should be enclosed in a block - lib\features\script\providers\script_provider.import_parsers.dart:383:19 - curly_braces_in_flow_control_structures
  error - The named parameter 'currentStop' is required, but there's no corresponding argument - lib\features\script\services\editor_text_geometry_service.dart:355:12 - missing_required_argument
  error - The named parameter 'painter' is required, but there's no corresponding argument - lib\features\script\services\editor_text_geometry_service.dart:355:12 - missing_required_argument
  error - The named parameter 'rawStops' is required, but there's no corresponding argument - lib\features\script\services\editor_text_geometry_service.dart:355:12 - missing_required_argument
  error - The named parameter 'stops' isn't defined - lib\features\script\services\editor_text_geometry_service.dart:356:7 - undefined_named_parameter
  error - The named parameter 'currentVisible' isn't defined - lib\features\script\services\editor_text_geometry_service.dart:357:7 - undefined_named_parameter
  error - The getter 'raw' isn't defined for the type 'int' - lib\features\script\services\editor_text_geometry_service.dart:359:8 - undefined_getter
warning - The declaration '_targetFromVisibleStops' isn't referenced - lib\features\script\services\editor_text_geometry_service.dart:505:29 - unused_element
  error - The body might complete normally, causing 'null' to be returned, but the return type, 'double', is a potentially non-nullable type - lib\features\script\services\markup_decoration_service.dart:338:10 - body_might_complete_normally
warning - The value of the local variable 'left' isn't used - lib\features\script\services\markup_decoration_service.dart:339:11 - unused_local_variable
   info - The parameter name 'textLineHeight' doesn't match the name 'textHeight' in the overridden method - lib\features\script\widgets\editor\components\ghost_selection_controls.dart:7:81 - avoid_renaming_method_parameters
warning - The operand can't be 'null', so the condition is always 'false' - lib\features\script\widgets\editor\styling_logic_mixin.dart:46:19 - unnecessary_null_comparison
warning - The operand can't be 'null', so the condition is always 'false' - lib\features\script\widgets\editor\styling_logic_mixin.dart:121:19 - unnecessary_null_comparison
  error - The named parameter 'audioOnlyEntry' isn't defined - lib\features\script\widgets\script_editor_screen.file_present.dart:573:46 - undefined_named_parameter
  error - The getter 'isError' isn't defined for the type '_ParsedFile' - lib\features\script\widgets\script_editor_screen.load_blocks.dart:12:18 - undefined_getter
  error - The getter 'errorMessage' isn't defined for the type '_ParsedFile' - lib\features\script\widgets\script_editor_screen.load_blocks.dart:16:27 - undefined_getter
  error - The method 'setDocumentImportAppearance' isn't defined for the type 'SettingsNotifier' - lib\features\script\widgets\script_editor_screen.load_blocks.dart:26:32 - undefined_method
warning - The declaration '_EditorRenderEditableDecorations' isn't referenced - lib\features\script\widgets\script_editor_screen.render_decorations.dart:3:7 - unused_element
  error - Classes can only extend other classes - lib\features\script\widgets\script_editor_screen.render_decorations.dart:3:48 - extends_non_class
  error - Undefined class 'TextEditingController' - lib\features\script\widgets\script_editor_screen.render_decorations.dart:4:9 - undefined_class
  error - Undefined class 'TextSelection' - lib\features\script\widgets\script_editor_screen.render_decorations.dart:5:9 - undefined_class
  error - Undefined class 'TextDirection' - lib\features\script\widgets\script_editor_screen.render_decorations.dart:6:9 - undefined_class
  error - No associated named super constructor parameter - lib\features\script\widgets\script_editor_screen.render_decorations.dart:12:20 - super_formal_parameter_without_associated_named
  error - Undefined class 'RenderObject' - lib\features\script\widgets\script_editor_screen.render_decorations.dart:16:3 - undefined_class
warning - The method doesn't override an inherited method - lib\features\script\widgets\script_editor_screen.render_decorations.dart:16:16 - override_on_non_overriding_member
  error - Undefined class 'BuildContext' - lib\features\script\widgets\script_editor_screen.render_decorations.dart:16:35 - undefined_class
warning - The method doesn't override an inherited method - lib\features\script\widgets\script_editor_screen.render_decorations.dart:25:8 - override_on_non_overriding_member
  error - Undefined class 'BuildContext' - lib\features\script\widgets\script_editor_screen.render_decorations.dart:26:5 - undefined_class
  error - Classes can only extend other classes - lib\features\script\widgets\script_editor_screen.render_decorations.dart:36:54 - extends_non_class
  error - Undefined class 'TextEditingController' - lib\features\script\widgets\script_editor_screen.render_decorations.dart:37:3 - undefined_class
  error - Undefined class 'TextSelection' - lib\features\script\widgets\script_editor_screen.render_decorations.dart:38:3 - undefined_class
  error - Undefined class 'TextDirection' - lib\features\script\widgets\script_editor_screen.render_decorations.dart:39:3 - undefined_class
  error - Undefined class 'TextEditingController' - lib\features\script\widgets\script_editor_screen.render_decorations.dart:43:14 - undefined_class
  error - Undefined class 'TextSelection' - lib\features\script\widgets\script_editor_screen.render_decorations.dart:44:14 - undefined_class
  error - Undefined class 'TextDirection' - lib\features\script\widgets\script_editor_screen.render_decorations.dart:45:14 - undefined_class
  error - Undefined class 'TextEditingController' - lib\features\script\widgets\script_editor_screen.render_decorations.dart:52:18 - undefined_class
  error - The method 'markNeedsPaint' isn't defined for the type '_RenderEditorRenderEditableDecorations' - lib\features\script\widgets\script_editor_screen.render_decorations.dart:57:5 - undefined_method
  error - Undefined class 'TextSelection' - lib\features\script\widgets\script_editor_screen.render_decorations.dart:60:17 - undefined_class
  error - The method 'markNeedsPaint' isn't defined for the type '_RenderEditorRenderEditableDecorations' - lib\features\script\widgets\script_editor_screen.render_decorations.dart:63:5 - undefined_method
  error - Undefined class 'TextDirection' - lib\features\script\widgets\script_editor_screen.render_decorations.dart:66:21 - undefined_class
  error - The method 'markNeedsPaint' isn't defined for the type '_RenderEditorRenderEditableDecorations' - lib\features\script\widgets\script_editor_screen.render_decorations.dart:69:5 - undefined_method
warning - The method doesn't override an inherited method - lib\features\script\widgets\script_editor_screen.render_decorations.dart:73:8 - override_on_non_overriding_member
  error - Undefined class 'PipelineOwner' - lib\features\script\widgets\script_editor_screen.render_decorations.dart:73:15 - undefined_class
  error - The method 'attach' isn't defined in a superclass of '_RenderEditorRenderEditableDecorations' - lib\features\script\widgets\script_editor_screen.render_decorations.dart:74:11 - undefined_super_member
warning - The method doesn't override an inherited method - lib\features\script\widgets\script_editor_screen.render_decorations.dart:79:8 - override_on_non_overriding_member
  error - The method 'detach' isn't defined in a superclass of '_RenderEditorRenderEditableDecorations' - lib\features\script\widgets\script_editor_screen.render_decorations.dart:81:11 - undefined_super_member
  error - The method 'markNeedsPaint' isn't defined for the type '_RenderEditorRenderEditableDecorations' - lib\features\script\widgets\script_editor_screen.render_decorations.dart:96:38 - undefined_method
warning - The method doesn't override an inherited method - lib\features\script\widgets\script_editor_screen.render_decorations.dart:99:8 - override_on_non_overriding_member
  error - Undefined class 'PaintingContext' - lib\features\script\widgets\script_editor_screen.render_decorations.dart:99:14 - undefined_class
  error - Undefined class 'Offset' - lib\features\script\widgets\script_editor_screen.render_decorations.dart:99:39 - undefined_class
  error - Undefined name 'child' - lib\features\script\widgets\script_editor_screen.render_decorations.dart:100:42 - undefined_identifier
  error - The method 'paint' isn't defined in a superclass of '_RenderEditorRenderEditableDecorations' - lib\features\script\widgets\script_editor_screen.render_decorations.dart:102:13 - undefined_super_member
  error - Undefined name 'Offset' - lib\features\script\widgets\script_editor_screen.render_decorations.dart:106:51 - undefined_identifier
  error - The method 'paint' isn't defined in a superclass of '_RenderEditorRenderEditableDecorations' - lib\features\script\widgets\script_editor_screen.render_decorations.dart:115:11 - undefined_super_member
  error - Undefined class 'RenderEditable' - lib\features\script\widgets\script_editor_screen.render_decorations.dart:124:3 - undefined_class
  error - Undefined class 'RenderObject' - lib\features\script\widgets\script_editor_screen.render_decorations.dart:124:39 - undefined_class
  error - The name 'RenderEditable' isn't defined, so it can't be used in an 'is' expression - lib\features\script\widgets\script_editor_screen.render_decorations.dart:126:17 - type_test_with_undefined_name
  error - Undefined class 'RenderEditable' - lib\features\script\widgets\script_editor_screen.render_decorations.dart:127:5 - undefined_class
  error - Undefined class 'Canvas' - lib\features\script\widgets\script_editor_screen.render_decorations.dart:134:31 - undefined_class
  error - Undefined class 'RenderEditable' - lib\features\script\widgets\script_editor_screen.render_decorations.dart:134:46 - undefined_class
  error - Undefined name 'kUseCustomDocxDecorationPainting' - lib\features\script\widgets\script_editor_screen.render_decorations.dart:135:10 - undefined_identifier
  error - Undefined name 'MarkupDecorationParser' - lib\features\script\widgets\script_editor_screen.render_decorations.dart:136:25 - undefined_identifier
  error - Undefined name 'MarkupDecorationType' - lib\features\script\widgets\script_editor_screen.render_decorations.dart:137:25 - undefined_identifier
  error - Undefined name 'MarkupDecorationParser' - lib\features\script\widgets\script_editor_screen.render_decorations.dart:139:11 - undefined_identifier
  error - Undefined name 'MarkupRenderEditableGeometry' - lib\features\script\widgets\script_editor_screen.render_decorations.dart:141:21 - undefined_identifier
  error - The method 'TextSelection' isn't defined for the type '_RenderEditorRenderEditableDecorations' - lib\features\script\widgets\script_editor_screen.render_decorations.dart:143:9 - undefined_method
  error - Undefined name 'MarkupDecorationBoxMerger' - lib\features\script\widgets\script_editor_screen.render_decorations.dart:145:23 - undefined_identifier
  error - Undefined name 'Colors' - lib\features\script\widgets\script_editor_screen.render_decorations.dart:147:59 - undefined_identifier
  error - Undefined class 'Canvas' - lib\features\script\widgets\script_editor_screen.render_decorations.dart:152:30 - undefined_class
  error - Undefined class 'RenderEditable' - lib\features\script\widgets\script_editor_screen.render_decorations.dart:152:45 - undefined_class
  error - Undefined name 'kUseCustomEditorSelectionPainting' - lib\features\script\widgets\script_editor_screen.render_decorations.dart:153:10 - undefined_identifier
  error - Undefined name 'MarkupRenderEditableGeometry' - lib\features\script\widgets\script_editor_screen.render_decorations.dart:160:19 - undefined_identifier
  error - Undefined name 'MarkupDecorationBoxMerger' - lib\features\script\widgets\script_editor_screen.render_decorations.dart:164:21 - undefined_identifier
  error - The name 'Color' isn't a class - lib\features\script\widgets\script_editor_screen.render_decorations.dart:166:48 - creation_with_non_type
  error - Undefined class 'Canvas' - lib\features\script\widgets\script_editor_screen.render_decorations.dart:170:25 - undefined_class
  error - Undefined class 'RenderEditable' - lib\features\script\widgets\script_editor_screen.render_decorations.dart:170:40 - undefined_class
  error - Undefined name 'kUseCustomDocxDecorationPainting' - lib\features\script\widgets\script_editor_screen.render_decorations.dart:171:10 - undefined_identifier
  error - The method 'Paint' isn't defined for the type '_RenderEditorRenderEditableDecorations' - lib\features\script\widgets\script_editor_screen.render_decorations.dart:172:19 - undefined_method
  error - Undefined name 'Colors' - lib\features\script\widgets\script_editor_screen.render_decorations.dart:173:17 - undefined_identifier
  error - Undefined name 'StrokeCap' - lib\features\script\widgets\script_editor_screen.render_decorations.dart:175:21 - undefined_identifier
  error - Undefined name 'PaintingStyle' - lib\features\script\widgets\script_editor_screen.render_decorations.dart:176:17 - undefined_identifier
  error - Undefined name 'MarkupDecorationParser' - lib\features\script\widgets\script_editor_screen.render_decorations.dart:177:25 - undefined_identifier
  error - Undefined name 'MarkupDecorationType' - lib\features\script\widgets\script_editor_screen.render_decorations.dart:178:25 - undefined_identifier
  error - Undefined name 'MarkupDecorationParser' - lib\features\script\widgets\script_editor_screen.render_decorations.dart:180:11 - undefined_identifier
  error - Undefined name 'MarkupRenderEditableGeometry' - lib\features\script\widgets\script_editor_screen.render_decorations.dart:182:21 - undefined_identifier
  error - The method 'TextSelection' isn't defined for the type '_RenderEditorRenderEditableDecorations' - lib\features\script\widgets\script_editor_screen.render_decorations.dart:184:9 - undefined_method
  error - Undefined name 'MarkupDecorationBoxMerger' - lib\features\script\widgets\script_editor_screen.render_decorations.dart:186:23 - undefined_identifier
  error - Undefined name 'TextDirection' - lib\features\script\widgets\script_editor_screen.render_decorations.dart:189:44 - undefined_identifier
  error - Undefined name 'MarkupDecorationBoxMerger' - lib\features\script\widgets\script_editor_screen.render_decorations.dart:190:15 - undefined_identifier
  error - Undefined name 'TextDirection' - lib\features\script\widgets\script_editor_screen.render_decorations.dart:192:45 - undefined_identifier
  error - Undefined name 'MarkupDecorationBoxMerger' - lib\features\script\widgets\script_editor_screen.render_decorations.dart:194:15 - undefined_identifier
  error - The method 'Offset' isn't defined for the type '_RenderEditorRenderEditableDecorations' - lib\features\script\widgets\script_editor_screen.render_decorations.dart:199:25 - undefined_method
  error - The method 'Offset' isn't defined for the type '_RenderEditorRenderEditableDecorations' - lib\features\script\widgets\script_editor_screen.render_decorations.dart:199:42 - undefined_method
  error - Undefined class 'Canvas' - lib\features\script\widgets\script_editor_screen.render_decorations.dart:205:5 - undefined_class
  error - Undefined class 'RenderEditable' - lib\features\script\widgets\script_editor_screen.render_decorations.dart:206:5 - undefined_class
  error - The name 'Rect' isn't a type, so it can't be used as a type argument - lib\features\script\widgets\script_editor_screen.render_decorations.dart:207:10 - non_type_as_type_argument
  error - Undefined class 'Color' - lib\features\script\widgets\script_editor_screen.render_decorations.dart:208:5 - undefined_class
  error - The method 'Paint' isn't defined for the type '_RenderEditorRenderEditableDecorations' - lib\features\script\widgets\script_editor_screen.render_decorations.dart:212:19 - undefined_method
  error - Undefined name 'PaintingStyle' - lib\features\script\widgets\script_editor_screen.render_decorations.dart:214:17 - undefined_identifier
  error - Undefined name 'TextDirection' - lib\features\script\widgets\script_editor_screen.render_decorations.dart:218:31 - undefined_identifier
  error - Undefined name 'MarkupDecorationBoxMerger' - lib\features\script\widgets\script_editor_screen.render_decorations.dart:219:17 - undefined_identifier
  error - Undefined name 'MarkupDecorationBoxMerger' - lib\features\script\widgets\script_editor_screen.render_decorations.dart:220:17 - undefined_identifier
  error - Undefined name 'TextDirection' - lib\features\script\widgets\script_editor_screen.render_decorations.dart:223:31 - undefined_identifier
  error - Undefined name 'MarkupDecorationBoxMerger' - lib\features\script\widgets\script_editor_screen.render_decorations.dart:224:17 - undefined_identifier
  error - Undefined name 'MarkupDecorationBoxMerger' - lib\features\script\widgets\script_editor_screen.render_decorations.dart:225:17 - undefined_identifier
  error - Undefined name 'Rect' - lib\features\script\widgets\script_editor_screen.render_decorations.dart:226:20 - undefined_identifier
  error - Undefined name 'Radius' - lib\features\script\widgets\script_editor_screen.render_decorations.dart:233:22 - undefined_identifier
  error - Undefined name 'RRect' - lib\features\script\widgets\script_editor_screen.render_decorations.dart:234:24 - undefined_identifier
  error - The method 'selectionStyleState' isn't defined for the type '_ScriptEditorScreenState' - lib\features\script\widgets\script_editor_screen.styling_commands.dart:50:23 - undefined_method
  error - The property 'visibleCount' can't be unconditionally accessed because the receiver can be 'null' - lib\features\script\widgets\script_editor_screen.styling_commands.dart:51:35 - unchecked_use_of_nullable_value
  error - The property 'fullyStyled' can't be unconditionally accessed because the receiver can be 'null' - lib\features\script\widgets\script_editor_screen.styling_commands.dart:54:53 - unchecked_use_of_nullable_value
  error - The method 'forceSelectionStyle' isn't defined for the type '_ScriptEditorScreenState' - lib\features\script\widgets\script_editor_screen.styling_commands.dart:61:9 - undefined_method
  error - The method 'broadcastDirection' isn't defined for the type '_ScriptEditorScreenState' - lib\features\script\widgets\script_editor_screen.styling_commands.dart:341:7 - undefined_method
warning - Unused import: 'package:file_picker/file_picker.dart' - lib\features\script\widgets\script_gallery_screen.dart:5:8 - unused_import
   info - Don't use 'BuildContext's across async gaps, guarded by an unrelated 'mounted' check - lib\features\script\widgets\script_gallery_screen.dart:42:38 - use_build_context_synchronously
warning - The value of the local variable 'scripts' isn't used - lib\features\script\widgets\script_gallery_screen.dart:225:11 - unused_local_variable
   info - 'withOpacity' is deprecated and shouldn't be used. Use .withValues() to avoid precision loss - lib\features\script\widgets\script_gallery_screen.dart:289:24 - deprecated_member_use
   info - 'withOpacity' is deprecated and shouldn't be used. Use .withValues() to avoid precision loss - lib\features\script\widgets\script_gallery_screen.dart:291:43 - deprecated_member_use
   info - 'withOpacity' is deprecated and shouldn't be used. Use .withValues() to avoid precision loss - lib\features\script\widgets\script_gallery_screen.dart:355:35 - deprecated_member_use
   info - 'withOpacity' is deprecated and shouldn't be used. Use .withValues() to avoid precision loss - lib\features\script\widgets\script_gallery_screen.dart:356:39 - deprecated_member_use
   info - 'withOpacity' is deprecated and shouldn't be used. Use .withValues() to avoid precision loss - lib\features\script\widgets\script_gallery_screen.dart:364:35 - deprecated_member_use
   info - 'withOpacity' is deprecated and shouldn't be used. Use .withValues() to avoid precision loss - lib\features\script\widgets\script_gallery_screen.dart:365:39 - deprecated_member_use
   info - 'withOpacity' is deprecated and shouldn't be used. Use .withValues() to avoid precision loss - lib\features\script\widgets\script_gallery_screen.dart:369:35 - deprecated_member_use
   info - 'withOpacity' is deprecated and shouldn't be used. Use .withValues() to avoid precision loss - lib\features\script\widgets\script_gallery_screen.dart:370:39 - deprecated_member_use
   info - 'withOpacity' is deprecated and shouldn't be used. Use .withValues() to avoid precision loss - lib\features\script\widgets\script_gallery_screen.dart:381:35 - deprecated_member_use
   info - 'withOpacity' is deprecated and shouldn't be used. Use .withValues() to avoid precision loss - lib\features\script\widgets\script_gallery_screen.dart:382:39 - deprecated_member_use
   info - 'withOpacity' is deprecated and shouldn't be used. Use .withValues() to avoid precision loss - lib\features\script\widgets\script_gallery_screen.dart:397:50 - deprecated_member_use
warning - A value for optional parameter 'key' isn't ever given - lib\features\script\widgets\script_gallery_screen.dart:546:30 - unused_element_parameter
   info - 'withOpacity' is deprecated and shouldn't be used. Use .withValues() to avoid precision loss - lib\features\script\widgets\script_gallery_screen.dart:578:28 - deprecated_member_use
   info - 'withOpacity' is deprecated and shouldn't be used. Use .withValues() to avoid precision loss - lib\features\script\widgets\script_gallery_screen.dart:580:47 - deprecated_member_use
   info - Use 'const' with the constructor to improve performance - lib\features\script\widgets\script_gallery_screen.dart:632:12 - prefer_const_constructors
   info - Use 'const' with the constructor to improve performance - lib\features\script\widgets\script_gallery_screen.dart:633:14 - prefer_const_constructors
   info - Use 'const' literals as arguments to constructors of '@immutable' classes - lib\features\script\widgets\script_gallery_screen.dart:634:19 - prefer_const_literals_to_create_immutables
   info - Use 'const' with the constructor to improve performance - lib\features\script\widgets\teleprompt_selector_sheet.dart:122:99 - prefer_const_constructors
   info - Use 'const' with the constructor to improve performance - lib\features\script\widgets\teleprompt_selector_sheet.dart:202:12 - prefer_const_constructors
   info - Use 'const' with the constructor to improve performance - lib\features\script\widgets\teleprompt_selector_sheet.dart:203:14 - prefer_const_constructors
   info - Use 'const' literals as arguments to constructors of '@immutable' classes - lib\features\script\widgets\teleprompt_selector_sheet.dart:205:19 - prefer_const_literals_to_create_immutables
   info - Use 'const' with the constructor to improve performance - lib\features\script\widgets\teleprompt_selector_sheet.dart:206:11 - prefer_const_constructors
   info - Statements in an if should be enclosed in a block - lib\features\settings\providers\settings_provider.dart:72:13 - curly_braces_in_flow_control_structures
   info - Statements in an if should be enclosed in a block - lib\features\settings\providers\settings_provider.dart:74:13 - curly_braces_in_flow_control_structures
   info - Statements in an if should be enclosed in a block - lib\features\settings\providers\settings_provider.dart:76:13 - curly_braces_in_flow_control_structures
   info - Statements in an if should be enclosed in a block - lib\features\settings\providers\settings_provider.dart:77:44 - curly_braces_in_flow_control_structures
warning - The value of the local variable 'matchKey' isn't used - lib\features\settings\providers\settings_provider.dart:214:11 - unused_local_variable
   info - Statements in an if should be enclosed in a block - lib\features\settings\providers\settings_provider.dart:249:13 - curly_braces_in_flow_control_structures
   info - Statements in an if should be enclosed in a block - lib\features\settings\providers\settings_provider.dart:251:13 - curly_braces_in_flow_control_structures
warning - The value of the local variable 'normalizedNewText' isn't used - lib\features\settings\providers\settings_provider.dart:411:18 - unused_local_variable
   info - Statements in an if should be enclosed in a block - lib\features\settings\providers\settings_provider.dart:511:7 - curly_braces_in_flow_control_structures
   info - Statements in an if should be enclosed in a block - lib\features\settings\providers\settings_provider.dart:513:7 - curly_braces_in_flow_control_structures
   info - Statements in an if should be enclosed in a block - lib\features\settings\providers\settings_provider.dart:515:7 - curly_braces_in_flow_control_structures
   info - Statements in an if should be enclosed in a block - lib\features\settings\providers\settings_provider.dart:517:7 - curly_braces_in_flow_control_structures
   info - Statements in an if should be enclosed in a block - lib\features\settings\providers\settings_provider.dart:520:7 - curly_braces_in_flow_control_structures
   info - Statements in an if should be enclosed in a block - lib\features\settings\providers\settings_provider.dart:523:7 - curly_braces_in_flow_control_structures
   info - Statements in an if should be enclosed in a block - lib\features\settings\providers\settings_provider.dart:526:7 - curly_braces_in_flow_control_structures
   info - Statements in an if should be enclosed in a block - lib\features\settings\providers\settings_provider.dart:529:7 - curly_braces_in_flow_control_structures
   info - Use 'const' with the constructor to improve performance - lib\features\settings\services\local_backup_service.dart:36:12 - prefer_const_constructors
   info - Use 'const' with the constructor to improve performance - lib\features\settings\widgets\app_settings_screen.dart:38:11 - prefer_const_constructors
   info - Use 'const' with the constructor to improve performance - lib\features\settings\widgets\app_settings_screen.dart:50:11 - prefer_const_constructors
   info - 'withOpacity' is deprecated and shouldn't be used. Use .withValues() to avoid precision loss - lib\features\settings\widgets\app_settings_screen.dart:134:52 - deprecated_member_use
   info - 'activeColor' is deprecated and shouldn't be used. Use activeThumbColor instead. This feature was deprecated after v3.31.0-2.0.pre - lib\features\settings\widgets\cloud_sync_screen.dart:57:15 - deprecated_member_use
   info - 'activeColor' is deprecated and shouldn't be used. Use activeThumbColor instead. This feature was deprecated after v3.31.0-2.0.pre - lib\features\settings\widgets\cloud_sync_screen.dart:64:15 - deprecated_member_use
   info - 'withOpacity' is deprecated and shouldn't be used. Use .withValues() to avoid precision loss - lib\features\settings\widgets\cloud_sync_screen.dart:88:48 - deprecated_member_use
   info - 'withOpacity' is deprecated and shouldn't be used. Use .withValues() to avoid precision loss - lib\features\splash\widgets\splash_screen.dart:52:52 - deprecated_member_use
warning - The declaration '_autoFallbackToWhisper' isn't referenced - lib\features\teleprompter\providers\teleprompter_provider.session_parts.dart:39:16 - unused_element
warning - The member 'state' can only be used within 'package:riverpod/src/notifier.dart' or a test - lib\features\teleprompter\providers\teleprompter_provider.session_parts.dart:83:23 - invalid_use_of_visible_for_testing_member
warning - The member 'state' can only be used within instance members of subclasses of 'NotifierBase' - lib\features\teleprompter\providers\teleprompter_provider.session_parts.dart:83:23 - invalid_use_of_protected_member
warning - The member 'state' can only be used within 'package:riverpod/src/notifier.dart' or a test - lib\features\teleprompter\providers\teleprompter_provider.session_parts.dart:143:24 - invalid_use_of_visible_for_testing_member
warning - The member 'state' can only be used within instance members of subclasses of 'NotifierBase' - lib\features\teleprompter\providers\teleprompter_provider.session_parts.dart:143:24 - invalid_use_of_protected_member
warning - The member 'state' can only be used within 'package:riverpod/src/notifier.dart' or a test - lib\features\teleprompter\providers\teleprompter_provider.session_parts.dart:158:24 - invalid_use_of_visible_for_testing_member
warning - The member 'state' can only be used within instance members of subclasses of 'NotifierBase' - lib\features\teleprompter\providers\teleprompter_provider.session_parts.dart:158:24 - invalid_use_of_protected_member
warning - The member 'state' can only be used within 'package:riverpod/src/notifier.dart' or a test - lib\features\teleprompter\providers\teleprompter_provider.session_parts.dart:222:25 - invalid_use_of_visible_for_testing_member
warning - The member 'state' can only be used within instance members of subclasses of 'NotifierBase' - lib\features\teleprompter\providers\teleprompter_provider.session_parts.dart:222:25 - invalid_use_of_protected_member
   info - Statements in an if should be enclosed in a block - lib\features\teleprompter\providers\teleprompter_provider.session_parts.dart:240:64 - curly_braces_in_flow_control_structures
   info - Statements in an if should be enclosed in a block - lib\features\teleprompter\providers\teleprompter_provider.session_parts.dart:244:7 - curly_braces_in_flow_control_structures
warning - The member 'state' can only be used within 'package:riverpod/src/notifier.dart' or a test - lib\features\teleprompter\providers\teleprompter_provider.session_parts.dart:279:43 - invalid_use_of_visible_for_testing_member
warning - The member 'state' can only be used within instance members of subclasses of 'NotifierBase' - lib\features\teleprompter\providers\teleprompter_provider.session_parts.dart:279:43 - invalid_use_of_protected_member
warning - The member 'state' can only be used within 'package:riverpod/src/notifier.dart' or a test - lib\features\teleprompter\providers\teleprompter_provider.session_parts.dart:283:23 - invalid_use_of_visible_for_testing_member
warning - The member 'state' can only be used within instance members of subclasses of 'NotifierBase' - lib\features\teleprompter\providers\teleprompter_provider.session_parts.dart:283:23 - invalid_use_of_protected_member
warning - The member 'state' can only be used within 'package:riverpod/src/notifier.dart' or a test - lib\features\teleprompter\providers\teleprompter_provider.session_parts.dart:368:38 - invalid_use_of_visible_for_testing_member
warning - The member 'state' can only be used within instance members of subclasses of 'NotifierBase' - lib\features\teleprompter\providers\teleprompter_provider.session_parts.dart:368:38 - invalid_use_of_protected_member
warning - The member 'state' can only be used within 'package:riverpod/src/notifier.dart' or a test - lib\features\teleprompter\providers\teleprompter_provider.session_parts.dart:373:5 - invalid_use_of_visible_for_testing_member
warning - The member 'state' can only be used within instance members of subclasses of 'NotifierBase' - lib\features\teleprompter\providers\teleprompter_provider.session_parts.dart:373:5 - invalid_use_of_protected_member
warning - The member 'state' can only be used within 'package:riverpod/src/notifier.dart' or a test - lib\features\teleprompter\providers\teleprompter_provider.session_parts.dart:373:13 - invalid_use_of_visible_for_testing_member
warning - The member 'state' can only be used within instance members of subclasses of 'NotifierBase' - lib\features\teleprompter\providers\teleprompter_provider.session_parts.dart:373:13 - invalid_use_of_protected_member
warning - The member 'state' can only be used within 'package:riverpod/src/notifier.dart' or a test - lib\features\teleprompter\providers\teleprompter_provider.session_parts.dart:421:21 - invalid_use_of_visible_for_testing_member
warning - The member 'state' can only be used within instance members of subclasses of 'NotifierBase' - lib\features\teleprompter\providers\teleprompter_provider.session_parts.dart:421:21 - invalid_use_of_protected_member
warning - The member 'state' can only be used within 'package:riverpod/src/notifier.dart' or a test - lib\features\teleprompter\providers\teleprompter_provider.session_parts.dart:453:51 - invalid_use_of_visible_for_testing_member
warning - The member 'state' can only be used within instance members of subclasses of 'NotifierBase' - lib\features\teleprompter\providers\teleprompter_provider.session_parts.dart:453:51 - invalid_use_of_protected_member
warning - The member 'state' can only be used within 'package:riverpod/src/notifier.dart' or a test - lib\features\teleprompter\providers\teleprompter_provider.session_parts.dart:572:9 - invalid_use_of_visible_for_testing_member
warning - The member 'state' can only be used within instance members of subclasses of 'NotifierBase' - lib\features\teleprompter\providers\teleprompter_provider.session_parts.dart:572:9 - invalid_use_of_protected_member
warning - The member 'state' can only be used within 'package:riverpod/src/notifier.dart' or a test - lib\features\teleprompter\providers\teleprompter_provider.session_parts.dart:572:17 - invalid_use_of_visible_for_testing_member
warning - The member 'state' can only be used within instance members of subclasses of 'NotifierBase' - lib\features\teleprompter\providers\teleprompter_provider.session_parts.dart:572:17 - invalid_use_of_protected_member
warning - The member 'state' can only be used within 'package:riverpod/src/notifier.dart' or a test - lib\features\teleprompter\providers\teleprompter_provider.session_parts.dart:607:5 - invalid_use_of_visible_for_testing_member
warning - The member 'state' can only be used within instance members of subclasses of 'NotifierBase' - lib\features\teleprompter\providers\teleprompter_provider.session_parts.dart:607:5 - invalid_use_of_protected_member
warning - The member 'state' can only be used within 'package:riverpod/src/notifier.dart' or a test - lib\features\teleprompter\providers\teleprompter_provider.session_parts.dart:607:13 - invalid_use_of_visible_for_testing_member
warning - The member 'state' can only be used within instance members of subclasses of 'NotifierBase' - lib\features\teleprompter\providers\teleprompter_provider.session_parts.dart:607:13 - invalid_use_of_protected_member
warning - The member 'state' can only be used within 'package:riverpod/src/notifier.dart' or a test - lib\features\teleprompter\providers\teleprompter_provider.session_parts.dart:608:55 - invalid_use_of_visible_for_testing_member
warning - The member 'state' can only be used within instance members of subclasses of 'NotifierBase' - lib\features\teleprompter\providers\teleprompter_provider.session_parts.dart:608:55 - invalid_use_of_protected_member
warning - The member 'state' can only be used within 'package:riverpod/src/notifier.dart' or a test - lib\features\teleprompter\providers\teleprompter_provider.session_parts.dart:625:7 - invalid_use_of_visible_for_testing_member
warning - The member 'state' can only be used within instance members of subclasses of 'NotifierBase' - lib\features\teleprompter\providers\teleprompter_provider.session_parts.dart:625:7 - invalid_use_of_protected_member
warning - The member 'state' can only be used within 'package:riverpod/src/notifier.dart' or a test - lib\features\teleprompter\providers\teleprompter_provider.session_parts.dart:625:15 - invalid_use_of_visible_for_testing_member
warning - The member 'state' can only be used within instance members of subclasses of 'NotifierBase' - lib\features\teleprompter\providers\teleprompter_provider.session_parts.dart:625:15 - invalid_use_of_protected_member
warning - The member 'state' can only be used within 'package:riverpod/src/notifier.dart' or a test - lib\features\teleprompter\providers\teleprompter_provider.session_parts.dart:630:29 - invalid_use_of_visible_for_testing_member
warning - The member 'state' can only be used within instance members of subclasses of 'NotifierBase' - lib\features\teleprompter\providers\teleprompter_provider.session_parts.dart:630:29 - invalid_use_of_protected_member
warning - The member 'state' can only be used within 'package:riverpod/src/notifier.dart' or a test - lib\features\teleprompter\providers\teleprompter_provider.session_parts.dart:638:7 - invalid_use_of_visible_for_testing_member
warning - The member 'state' can only be used within instance members of subclasses of 'NotifierBase' - lib\features\teleprompter\providers\teleprompter_provider.session_parts.dart:638:7 - invalid_use_of_protected_member
warning - The member 'state' can only be used within 'package:riverpod/src/notifier.dart' or a test - lib\features\teleprompter\providers\teleprompter_provider.session_parts.dart:638:15 - invalid_use_of_visible_for_testing_member
warning - The member 'state' can only be used within instance members of subclasses of 'NotifierBase' - lib\features\teleprompter\providers\teleprompter_provider.session_parts.dart:638:15 - invalid_use_of_protected_member
   info - The import of 'dart:typed_data' is unnecessary because all of the used elements are also provided by the import of 'package:flutter/foundation.dart' - lib\features\teleprompter\services\whisper_speech_service_native.dart:3:8 - unnecessary_import
   info - Use 'const' for final variables initialized to a constant value - lib\features\teleprompter\services\whisper_speech_service_native.dart:358:5 - prefer_const_declarations
warning - The value of the field '_crossLangThreshold' isn't used - lib\features\teleprompter\services\word_aligner.dart:27:23 - unused_field
   info - Statements in an if should be enclosed in a block - lib\features\teleprompter\services\word_aligner.dart:200:7 - curly_braces_in_flow_control_structures
   info - Statements in an if should be enclosed in a block - lib\features\teleprompter\services\word_aligner.dart:211:7 - curly_braces_in_flow_control_structures
   info - Unnecessary braces in a string interpolation - lib\features\teleprompter\services\word_aligner.dart:270:28 - unnecessary_brace_in_string_interps
   info - Unnecessary braces in a string interpolation - lib\features\teleprompter\services\word_aligner.dart:270:46 - unnecessary_brace_in_string_interps
   info - Unnecessary braces in a string interpolation - lib\features\teleprompter\services\word_aligner.dart:292:15 - unnecessary_brace_in_string_interps
   info - Unnecessary braces in a string interpolation - lib\features\teleprompter\services\word_aligner.dart:292:21 - unnecessary_brace_in_string_interps
   info - Unnecessary braces in a string interpolation - lib\features\teleprompter\services\word_aligner.dart:314:25 - unnecessary_brace_in_string_interps
   info - Unnecessary braces in a string interpolation - lib\features\teleprompter\services\word_aligner.dart:314:45 - unnecessary_brace_in_string_interps
   info - Unnecessary braces in a string interpolation - lib\features\teleprompter\services\word_aligner.dart:434:27 - unnecessary_brace_in_string_interps
   info - Unnecessary braces in a string interpolation - lib\features\teleprompter\services\word_aligner.dart:434:52 - unnecessary_brace_in_string_interps
warning - The declaration '_hasUsefulPhraseWords' isn't referenced - lib\features\teleprompter\services\word_aligner_similarity.dart:3:6 - unused_element
warning - The declaration '_wordSimilarity' isn't referenced - lib\features\teleprompter\services\word_aligner_similarity.dart:30:8 - unused_element
warning - The declaration '_collapseAbbreviations' isn't referenced - lib\features\teleprompter\services\word_aligner_similarity.dart:83:14 - unused_element
warning - The declaration '_isUnspeakable' isn't referenced - lib\features\teleprompter\services\word_aligner_similarity.dart:109:6 - unused_element
warning - Unused import: 'package:path_provider/path_provider.dart' - lib\features\teleprompter\widgets\content_creator_screen.dart:6:8 - unused_import
warning - Unused import: 'dart:io' - lib\features\teleprompter\widgets\content_creator_screen.dart:7:8 - unused_import
   info - Statements in an if should be enclosed in a block - lib\features\teleprompter\widgets\content_creator_screen.dart:50:52 - curly_braces_in_flow_control_structures
   info - Statements in an if should be enclosed in a block - lib\features\teleprompter\widgets\content_creator_screen.dart:51:56 - curly_braces_in_flow_control_structures
   info - Unnecessary braces in a string interpolation - lib\features\teleprompter\widgets\content_creator_screen.dart:114:24 - unnecessary_brace_in_string_interps
   info - 'withOpacity' is deprecated and shouldn't be used. Use .withValues() to avoid precision loss - lib\features\teleprompter\widgets\content_creator_screen.dart:163:48 - deprecated_member_use
   info - 'withOpacity' is deprecated and shouldn't be used. Use .withValues() to avoid precision loss - lib\features\teleprompter\widgets\content_creator_screen.dart:164:48 - deprecated_member_use
   info - 'withOpacity' is deprecated and shouldn't be used. Use .withValues() to avoid precision loss - lib\features\teleprompter\widgets\content_creator_screen.dart:196:79 - deprecated_member_use
   info - 'withOpacity' is deprecated and shouldn't be used. Use .withValues() to avoid precision loss - lib\features\teleprompter\widgets\content_creator_screen.dart:250:71 - deprecated_member_use
   info - 'withOpacity' is deprecated and shouldn't be used. Use .withValues() to avoid precision loss - lib\features\teleprompter\widgets\content_creator_screen.dart:353:45 - deprecated_member_use
   info - 'withOpacity' is deprecated and shouldn't be used. Use .withValues() to avoid precision loss - lib\features\teleprompter\widgets\content_creator_screen.dart:407:41 - deprecated_member_use
warning - The declaration '_parseWrapAlignment' isn't referenced - lib\features\teleprompter\widgets\teleprompter_screen.alignment_helpers.dart:22:17 - unused_element
   info - 'withOpacity' is deprecated and shouldn't be used. Use .withValues() to avoid precision loss - lib\features\teleprompter\widgets\teleprompter_screen.audio_debug_widgets.dart:23:29 - deprecated_member_use
   info - 'withOpacity' is deprecated and shouldn't be used. Use .withValues() to avoid precision loss - lib\features\teleprompter\widgets\teleprompter_screen.audio_debug_widgets.dart:25:48 - deprecated_member_use
   info - 'withOpacity' is deprecated and shouldn't be used. Use .withValues() to avoid precision loss - lib\features\teleprompter\widgets\teleprompter_screen.audio_debug_widgets.dart:45:49 - deprecated_member_use
   info - 'withOpacity' is deprecated and shouldn't be used. Use .withValues() to avoid precision loss - lib\features\teleprompter\widgets\teleprompter_screen.audio_debug_widgets.dart:79:29 - deprecated_member_use
   info - 'withOpacity' is deprecated and shouldn't be used. Use .withValues() to avoid precision loss - lib\features\teleprompter\widgets\teleprompter_screen.audio_debug_widgets.dart:81:47 - deprecated_member_use
   info - Use 'const' with the constructor to improve performance - lib\features\teleprompter\widgets\teleprompter_screen.bookmarks_search.dart:23:16 - prefer_const_constructors
warning - The member 'setState' can only be used within instance members of subclasses of 'State' - lib\features\teleprompter\widgets\teleprompter_screen.bookmarks_search.dart:79:5 - invalid_use_of_protected_member
warning - The member 'setState' can only be used within instance members of subclasses of 'State' - lib\features\teleprompter\widgets\teleprompter_screen.bookmarks_search.dart:128:5 - invalid_use_of_protected_member
warning - The member 'setState' can only be used within instance members of subclasses of 'State' - lib\features\teleprompter\widgets\teleprompter_screen.bookmarks_search.dart:216:5 - invalid_use_of_protected_member
   info - Statements in an if should be enclosed in a block - lib\features\teleprompter\widgets\teleprompter_screen.bookmarks_search.dart:367:20 - curly_braces_in_flow_control_structures
warning - The member 'setState' can only be used within instance members of subclasses of 'State' - lib\features\teleprompter\widgets\teleprompter_screen.bookmarks_search.dart:367:20 - invalid_use_of_protected_member
   info - 'withOpacity' is deprecated and shouldn't be used. Use .withValues() to avoid precision loss - lib\features\teleprompter\widgets\teleprompter_screen.bookmarks_search.dart:375:41 - deprecated_member_use
   info - Statements in an if should be enclosed in a block - lib\features\teleprompter\widgets\teleprompter_screen.bookmarks_search.dart:389:18 - curly_braces_in_flow_control_structures
warning - The member 'setState' can only be used within instance members of subclasses of 'State' - lib\features\teleprompter\widgets\teleprompter_screen.bookmarks_search.dart:389:18 - invalid_use_of_protected_member
   info - Statements in an if should be enclosed in a block - lib\features\teleprompter\widgets\teleprompter_screen.bookmarks_search.dart:402:18 - curly_braces_in_flow_control_structures
warning - The member 'setState' can only be used within instance members of subclasses of 'State' - lib\features\teleprompter\widgets\teleprompter_screen.bookmarks_search.dart:402:18 - invalid_use_of_protected_member
   info - Statements in an if should be enclosed in a block - lib\features\teleprompter\widgets\teleprompter_screen.bookmarks_search.dart:414:55 - curly_braces_in_flow_control_structures
   info - Statements in an if should be enclosed in a block - lib\features\teleprompter\widgets\teleprompter_screen.bookmarks_search.dart:423:18 - curly_braces_in_flow_control_structures
warning - The member 'setState' can only be used within instance members of subclasses of 'State' - lib\features\teleprompter\widgets\teleprompter_screen.bookmarks_search.dart:423:18 - invalid_use_of_protected_member
   info - 'withOpacity' is deprecated and shouldn't be used. Use .withValues() to avoid precision loss - lib\features\teleprompter\widgets\teleprompter_screen.bookmarks_search.dart:442:31 - deprecated_member_use
   info - 'withOpacity' is deprecated and shouldn't be used. Use .withValues() to avoid precision loss - lib\features\teleprompter\widgets\teleprompter_screen.bookmarks_search.dart:447:35 - deprecated_member_use
   info - 'withOpacity' is deprecated and shouldn't be used. Use .withValues() to avoid precision loss - lib\features\teleprompter\widgets\teleprompter_screen.build.dart:153:62 - deprecated_member_use
   info - 'withOpacity' is deprecated and shouldn't be used. Use .withValues() to avoid precision loss - lib\features\teleprompter\widgets\teleprompter_screen.build.dart:159:46 - deprecated_member_use
   info - 'withOpacity' is deprecated and shouldn't be used. Use .withValues() to avoid precision loss - lib\features\teleprompter\widgets\teleprompter_screen.build.dart:189:38 - deprecated_member_use
   info - Use 'const' with the constructor to improve performance - lib\features\teleprompter\widgets\teleprompter_screen.build.dart:194:46 - prefer_const_constructors
   info - 'withOpacity' is deprecated and shouldn't be used. Use .withValues() to avoid precision loss - lib\features\teleprompter\widgets\teleprompter_screen.build.dart:420:40 - deprecated_member_use
   info - 'withOpacity' is deprecated and shouldn't be used. Use .withValues() to avoid precision loss - lib\features\teleprompter\widgets\teleprompter_screen.build.dart:421:65 - deprecated_member_use
   info - 'withOpacity' is deprecated and shouldn't be used. Use .withValues() to avoid precision loss - lib\features\teleprompter\widgets\teleprompter_screen.build.dart:480:62 - deprecated_member_use
   info - 'withOpacity' is deprecated and shouldn't be used. Use .withValues() to avoid precision loss - lib\features\teleprompter\widgets\teleprompter_screen.build.dart:502:49 - deprecated_member_use
   info - 'withOpacity' is deprecated and shouldn't be used. Use .withValues() to avoid precision loss - lib\features\teleprompter\widgets\teleprompter_screen.build.dart:582:57 - deprecated_member_use
warning - The declaration '_toAlignment' isn't referenced - lib\features\teleprompter\widgets\teleprompter_screen.build.dart:697:13 - unused_element
   info - 'withOpacity' is deprecated and shouldn't be used. Use .withValues() to avoid precision loss - lib\features\teleprompter\widgets\teleprompter_screen.build_overlays.dart:21:31 - deprecated_member_use
warning - The member 'setState' can only be used within instance members of subclasses of 'State' - lib\features\teleprompter\widgets\teleprompter_screen.build_overlays.dart:84:40 - invalid_use_of_protected_member
   info - 'withOpacity' is deprecated and shouldn't be used. Use .withValues() to avoid precision loss - lib\features\teleprompter\widgets\teleprompter_screen.build_overlays.dart:232:25 - deprecated_member_use
   info - 'opacity' is deprecated and shouldn't be used. Use .a - lib\features\teleprompter\widgets\teleprompter_screen.build_overlays.dart:232:47 - deprecated_member_use
   info - 'opacity' is deprecated and shouldn't be used. Use .a - lib\features\teleprompter\widgets\teleprompter_screen.build_overlays.dart:240:23 - deprecated_member_use
   info - 'withOpacity' is deprecated and shouldn't be used. Use .withValues() to avoid precision loss - lib\features\teleprompter\widgets\teleprompter_screen.control_bar.dart:70:33 - deprecated_member_use
   info - Statements in an if should be enclosed in a block - lib\features\teleprompter\widgets\teleprompter_screen.dart:96:13 - curly_braces_in_flow_control_structures
warning - The member 'setState' can only be used within instance members of subclasses of 'State' - lib\features\teleprompter\widgets\teleprompter_screen.manual_scroll.dart:7:5 - invalid_use_of_protected_member
warning - The member 'setState' can only be used within instance members of subclasses of 'State' - lib\features\teleprompter\widgets\teleprompter_screen.manual_scroll.dart:74:7 - invalid_use_of_protected_member
warning - The member 'setState' can only be used within instance members of subclasses of 'State' - lib\features\teleprompter\widgets\teleprompter_screen.manual_scroll.dart:82:18 - invalid_use_of_protected_member
   info - Statements in an if should be enclosed in a block - lib\features\teleprompter\widgets\teleprompter_screen.manual_scroll.dart:111:7 - curly_braces_in_flow_control_structures
warning - The member 'setState' can only be used within instance members of subclasses of 'State' - lib\features\teleprompter\widgets\teleprompter_screen.manual_scroll.dart:209:5 - invalid_use_of_protected_member
   info - Statements in an if should be enclosed in a block - lib\features\teleprompter\widgets\teleprompter_screen.manual_scroll.dart:280:7 - curly_braces_in_flow_control_structures
warning - The member 'setState' can only be used within instance members of subclasses of 'State' - lib\features\teleprompter\widgets\teleprompter_screen.manual_scroll.dart:303:5 - invalid_use_of_protected_member
warning - The member 'setState' can only be used within instance members of subclasses of 'State' - lib\features\teleprompter\widgets\teleprompter_screen.session_stt.dart:67:7 - invalid_use_of_protected_member
warning - The member 'setState' can only be used within instance members of subclasses of 'State' - lib\features\teleprompter\widgets\teleprompter_screen.session_stt.dart:86:9 - invalid_use_of_protected_member
warning - The member 'setState' can only be used within instance members of subclasses of 'State' - lib\features\teleprompter\widgets\teleprompter_screen.session_stt.dart:91:20 - invalid_use_of_protected_member
warning - The member 'setState' can only be used within instance members of subclasses of 'State' - lib\features\teleprompter\widgets\teleprompter_screen.session_stt.dart:198:5 - invalid_use_of_protected_member
warning - The member 'setState' can only be used within instance members of subclasses of 'State' - lib\features\teleprompter\widgets\teleprompter_screen.session_stt.dart:209:7 - invalid_use_of_protected_member
warning - The member 'setState' can only be used within instance members of subclasses of 'State' - lib\features\teleprompter\widgets\teleprompter_screen.session_stt.dart:217:5 - invalid_use_of_protected_member
   info - 'activeColor' is deprecated and shouldn't be used. Use activeThumbColor or activeTrackColor instead. This feature was deprecated after v3.31.0-2.0.pre - lib\features\teleprompter\widgets\teleprompter_screen.settings_panel.dart:174:15 - deprecated_member_use
   info - 'activeColor' is deprecated and shouldn't be used. Use activeThumbColor or activeTrackColor instead. This feature was deprecated after v3.31.0-2.0.pre - lib\features\teleprompter\widgets\teleprompter_screen.settings_panel.dart:326:15 - deprecated_member_use
   info - 'activeColor' is deprecated and shouldn't be used. Use activeThumbColor or activeTrackColor instead. This feature was deprecated after v3.31.0-2.0.pre - lib\features\teleprompter\widgets\teleprompter_screen.settings_panel.dart:342:15 - deprecated_member_use
   info - 'activeColor' is deprecated and shouldn't be used. Use activeThumbColor instead. This feature was deprecated after v3.31.0-2.0.pre - lib\features\teleprompter\widgets\teleprompter_screen.settings_panel.dart:398:17 - deprecated_member_use
   info - 'activeColor' is deprecated and shouldn't be used. Use activeThumbColor instead. This feature was deprecated after v3.31.0-2.0.pre - lib\features\teleprompter\widgets\teleprompter_screen.settings_panel.dart:409:17 - deprecated_member_use
   info - Statements in an if should be enclosed in a block - lib\features\teleprompter\widgets\teleprompter_screen.settings_panel.dart:438:11 - curly_braces_in_flow_control_structures
   info - 'activeColor' is deprecated and shouldn't be used. Use activeThumbColor or activeTrackColor instead. This feature was deprecated after v3.31.0-2.0.pre - lib\features\teleprompter\widgets\teleprompter_screen.settings_widgets.dart:186:13 - deprecated_member_use

